// Jest Snapshot v1, https://goo.gl/fbAQLP

exports[`Input renders <Input /> 1`] = `
<div
  className="form-group-taxes"
>
  <label
    htmlFor="Input Test"
  >
    Input Label
  </label>
  <div
    className="input-group"
  >
    <input
      className="form-control "
      disabled={false}
      name="Input Test"
      onChange={[Function]}
      type="text"
      value="0"
    />
  </div>
  
</div>
`;
