// Jest Snapshot v1, https://goo.gl/fbAQLP

exports[`Balloon specs renders <Balloon /> 1`] = `
<div
  className="deal-type-inputs"
  id={undefined}
>
  <div>
    <div
      className="deal-type-inputs__stackable"
    >
      <div
        className="desking-input"
      >
        <div
          className="desking-input__label"
        >
          <label
            className="desking-input__text-label control-label"
            htmlFor={undefined}
          >
            MSRP
          </label>
        </div>
        <input
          className="desking-input__value form-control input-sm"
          id="MSRP"
          inputMode="numeric"
          name="msrp"
          onBlur={[Function]}
          onChange={[Function]}
          placeholder="MSRP"
          readOnly={undefined}
          tabIndex={1}
          type="number"
          value=""
        />
      </div>
    </div>
    <div
      className="deal-type-inputs__stackable"
    >
      <div
        className="desking-input"
      >
        <div
          className="desking-input__label"
        >
          <div
            className="dropdown btn-group btn-group-sm btn-group-link"
          >
            <button
              aria-expanded={false}
              aria-haspopup={true}
              className="desking-input__dropdown dropdown-toggle btn btn-sm btn-link"
              disabled={false}
              id="Balloon"
              onClick={[Function]}
              onKeyDown={[Function]}
              role="button"
              type="button"
            >
              Balloon
               
              <span
                className="caret"
              />
            </button>
            <ul
              aria-labelledby="Balloon"
              className="dropdown-menu"
              role="menu"
            >
              <li
                className=""
                role="presentation"
                style={undefined}
              >
                <a
                  href="#"
                  onClick={[Function]}
                  onKeyDown={[Function]}
                  role="menuitem"
                  tabIndex="-1"
                >
                  Percent
                </a>
              </li>
              <li
                className=""
                role="presentation"
                style={undefined}
              >
                <a
                  href="#"
                  onClick={[Function]}
                  onKeyDown={[Function]}
                  role="menuitem"
                  tabIndex="-1"
                >
                  Dollar Amount
                </a>
              </li>
            </ul>
          </div>
        </div>
        <input
          className="desking-input__value form-control input-sm"
          id="Balloon"
          inputMode="numeric"
          name="Balloon"
          onBlur={[Function]}
          onChange={[Function]}
          placeholder="Balloon"
          readOnly={undefined}
          tabIndex={9}
          type="number"
          value=""
        />
      </div>
    </div>
    <div
      className="deal-type-inputs__stackable"
    >
      <div
        className="desking-input"
      >
        <div
          className="desking-input__label"
        >
          <label
            className="desking-input__text-label control-label"
            htmlFor={undefined}
          >
            Selling Price
          </label>
        </div>
        <input
          className="desking-input__value form-control input-sm"
          id="SellingPrice"
          inputMode="numeric"
          name="sellingPrice"
          onBlur={[Function]}
          onChange={[Function]}
          placeholder="Selling Price"
          readOnly={undefined}
          tabIndex={2}
          type="number"
          value=""
        />
      </div>
    </div>
    <div
      className="deal-type-inputs__stackable"
    >
      <div
        className="desking-input"
      >
        <div
          className="desking-input__label"
        >
          <div
            className="dropdown btn-group btn-group-sm btn-group-link"
          >
            <button
              aria-expanded={false}
              aria-haspopup={true}
              className="desking-input__dropdown dropdown-toggle btn btn-sm btn-link"
              disabled={false}
              id="Downpayment.0"
              onClick={[Function]}
              onKeyDown={[Function]}
              role="button"
              type="button"
            >
              Down Payment
               
              <span
                className="caret"
              />
            </button>
            <ul
              aria-labelledby="Downpayment.0"
              className="dropdown-menu"
              role="menu"
            >
              <li
                className=""
                role="presentation"
                style={undefined}
              >
                <a
                  href="#"
                  onClick={[Function]}
                  onKeyDown={[Function]}
                  role="menuitem"
                  tabIndex="-1"
                >
                  Percent
                </a>
              </li>
              <li
                className=""
                role="presentation"
                style={undefined}
              >
                <a
                  href="#"
                  onClick={[Function]}
                  onKeyDown={[Function]}
                  role="menuitem"
                  tabIndex="-1"
                >
                  Dollar Amount
                </a>
              </li>
            </ul>
          </div>
        </div>
        <input
          className="desking-input__value form-control input-sm"
          id="Downpayment.0"
          inputMode="numeric"
          name="downpayments.0"
          onBlur={[Function]}
          onChange={[Function]}
          placeholder="Down Payment"
          readOnly={undefined}
          tabIndex={10}
          type="number"
          value=""
        />
      </div>
    </div>
    <div
      className="deal-type-inputs__stackable"
    >
      <div
        className="desking-input"
      >
        <div
          className="desking-input__label"
        >
          <button
            className="desking-input__link-label btn btn-link"
            disabled={false}
            type="button"
          >
            Add-Ons
          </button>
        </div>
        <input
          className="desking-input__value form-control input-sm"
          id="AddOns"
          inputMode="numeric"
          name="addOns"
          onBlur={[Function]}
          onChange={[Function]}
          placeholder="Add-Ons"
          readOnly={undefined}
          tabIndex={3}
          type="number"
          value=""
        />
      </div>
    </div>
    <div
      className="deal-type-inputs__stackable"
    >
      <div
        className="desking-input"
      >
        <div
          className="desking-input__label"
        >
          <button
            className="desking-input__link-label btn btn-link"
            disabled={false}
            type="button"
          >
            Rebate
          </button>
        </div>
        <input
          className="desking-input__value form-control input-sm"
          id="Rebate"
          inputMode="numeric"
          name="rebate"
          onBlur={[Function]}
          onChange={[Function]}
          placeholder="Rebate"
          readOnly={undefined}
          tabIndex={11}
          type="number"
          value=""
        />
      </div>
    </div>
    <div
      className="deal-type-inputs__stackable"
    >
      <div
        className="desking-input"
      >
        <div
          className="desking-input__label"
        >
          <button
            className="desking-input__link-label btn btn-link"
            disabled={false}
            type="button"
          >
            Fees
          </button>
        </div>
        <input
          className="desking-input__value form-control input-sm"
          id="Fees"
          inputMode="numeric"
          name="fees"
          onBlur={[Function]}
          onChange={[Function]}
          placeholder="Fees"
          readOnly={undefined}
          tabIndex={4}
          type="number"
          value=""
        />
      </div>
    </div>
    <div
      className="deal-type-inputs__stackable"
    >
      <div
        className="desking-input"
      >
        <div
          className="desking-input__label"
        >
          <label
            className="desking-input__text-label control-label"
            htmlFor={undefined}
          >
            Trade Allowance
          </label>
        </div>
        <input
          className="desking-input__value form-control input-sm"
          id="Allowance"
          inputMode="numeric"
          name="allowance"
          onBlur={[Function]}
          onChange={[Function]}
          placeholder="Trade Allowance"
          readOnly={undefined}
          tabIndex={12}
          type="number"
          value=""
        />
      </div>
    </div>
    <div
      className="deal-type-inputs__stackable"
    >
      <div
        className="desking-input"
      >
        <div
          className="desking-input__label"
        >
          <button
            className="desking-input__link-label btn btn-link"
            disabled={false}
            type="button"
          >
            Taxes
          </button>
        </div>
        <input
          className="desking-input__value form-control input-sm"
          id="Taxes"
          inputMode="numeric"
          name="taxes"
          onBlur={[Function]}
          onChange={[Function]}
          placeholder="Taxes"
          readOnly={undefined}
          tabIndex={5}
          type="number"
          value=""
        />
      </div>
    </div>
    <div
      className="deal-type-inputs__stackable"
    >
      <div
        className="desking-input"
      >
        <div
          className="desking-input__label"
        >
          <label
            className="desking-input__text-label control-label"
            htmlFor={undefined}
          >
            Trade Payoff
          </label>
        </div>
        <input
          className="desking-input__value form-control input-sm"
          id="Payoff"
          inputMode="numeric"
          name="payoff"
          onBlur={[Function]}
          onChange={[Function]}
          placeholder="Trade Payoff"
          readOnly={undefined}
          tabIndex={13}
          type="number"
          value=""
        />
      </div>
    </div>
    <div
      className="deal-type-inputs__stackable"
    >
      <div
        className="desking-input"
      >
        <div
          className="desking-input__label"
        >
          <label
            className="desking-input__text-label control-label"
            htmlFor={undefined}
          >
            Rate %
          </label>
        </div>
        <input
          className="desking-input__value form-control input-sm"
          id="Rate"
          inputMode="numeric"
          name="rate"
          onBlur={[Function]}
          onChange={[Function]}
          placeholder="Rate %"
          readOnly={undefined}
          tabIndex={6}
          type="number"
          value=""
        />
      </div>
    </div>
    <div
      className="deal-type-inputs__stackable"
    >
      <div
        className="desking-input"
      >
        <div
          className="desking-input__label"
        >
          <label
            className="desking-input__text-label control-label"
            htmlFor={undefined}
          >
            Trade ACV
          </label>
        </div>
        <input
          className="desking-input__value form-control input-sm"
          id="ACV"
          inputMode="numeric"
          name="acv"
          onBlur={[Function]}
          onChange={[Function]}
          placeholder="Trade ACV"
          readOnly={undefined}
          tabIndex={14}
          type="number"
          value=""
        />
      </div>
    </div>
  </div>
  <div
    className="deal-type-inputs__stackable"
  >
    <div
      className="desking-input"
    >
      <div
        className="desking-input__label"
      >
        <div
          className="dropdown btn-group btn-group-sm btn-group-link"
        >
          <button
            aria-expanded={false}
            aria-haspopup={true}
            className="desking-input__dropdown dropdown-toggle btn btn-sm btn-link"
            disabled={false}
            id="Term"
            onClick={[Function]}
            onKeyDown={[Function]}
            role="button"
            type="button"
          >
            Term
             
            <span
              className="caret"
            />
          </button>
          <ul
            aria-labelledby="Term"
            className="dropdown-menu"
            role="menu"
          >
            <li
              className=""
              role="presentation"
              style={undefined}
            >
              <a
                href="#"
                onClick={[Function]}
                onKeyDown={[Function]}
                role="menuitem"
                tabIndex="-1"
              >
                Monthly
              </a>
            </li>
            <li
              className=""
              role="presentation"
              style={undefined}
            >
              <a
                href="#"
                onClick={[Function]}
                onKeyDown={[Function]}
                role="menuitem"
                tabIndex="-1"
              >
                Bi-Weekly
              </a>
            </li>
            <li
              className=""
              role="presentation"
              style={undefined}
            >
              <a
                href="#"
                onClick={[Function]}
                onKeyDown={[Function]}
                role="menuitem"
                tabIndex="-1"
              >
                Weekly
              </a>
            </li>
            <li
              className=""
              role="presentation"
              style={undefined}
            >
              <a
                href="#"
                onClick={[Function]}
                onKeyDown={[Function]}
                role="menuitem"
                tabIndex="-1"
              >
                Semi-Annually
              </a>
            </li>
            <li
              className=""
              role="presentation"
              style={undefined}
            >
              <a
                href="#"
                onClick={[Function]}
                onKeyDown={[Function]}
                role="menuitem"
                tabIndex="-1"
              >
                Annually
              </a>
            </li>
          </ul>
        </div>
      </div>
      <input
        className="desking-input__value form-control input-sm"
        id="Term"
        inputMode="numeric"
        name="term"
        onBlur={[Function]}
        onChange={[Function]}
        placeholder="Term"
        readOnly={undefined}
        tabIndex={7}
        type="number"
        value=""
      />
    </div>
  </div>
  <div
    className="deal-type-inputs__stackable"
  >
    <div
      className="desking-input"
    >
      <div
        className="desking-input__label"
      >
        <label
          className="desking-input__text-label control-label"
          htmlFor={undefined}
        >
          Lender Fee
        </label>
      </div>
      <input
        className="desking-input__value form-control input-sm"
        id="LenderFee"
        inputMode="numeric"
        name="LenderFee"
        onBlur={[Function]}
        onChange={[Function]}
        placeholder="Lender Fee"
        readOnly={undefined}
        tabIndex={14}
        type="number"
        value=""
      />
    </div>
  </div>
  <div
    className="deal-type-inputs__stackable"
  >
    <div
      className="desking-input"
    >
      <div
        className="desking-input__label"
      >
        <label
          className="desking-input__text-label control-label"
          htmlFor={undefined}
        >
          Days to 1st Payment
        </label>
      </div>
      <input
        className="desking-input__value form-control input-sm"
        id="FirstPayment"
        inputMode="numeric"
        name="firstPayment"
        onBlur={[Function]}
        onChange={[Function]}
        placeholder="Days to 1st Payment"
        readOnly={undefined}
        tabIndex={8}
        type="number"
        value=""
      />
    </div>
  </div>
  <div
    className="deal-type-inputs__stackable"
  >
    <div
      className="read-only"
    >
      <label
        className="read-only__label control-label"
        htmlFor={undefined}
      >
        Subtotal
      </label>
      <div
        className="read-only__value"
      >
        -
      </div>
    </div>
  </div>
</div>
`;
