// Jest Snapshot v1, https://goo.gl/fbAQLP

exports[`RebatesFormHeader specs renders <RebatesFormHeader /> 1`] = `
<div
  className="row"
  id="RebatesFormHeader"
>
  <div
    className="col-md-4 col-xs-4"
    id={undefined}
  >
    <label
      htmlFor="rebatesTypeLabel"
      id="rebates-type-left"
    >
      Rebate Type
    </label>
  </div>
  <div
    className="col-md-4 col-xs-4"
    id={undefined}
  >
    <label
      htmlFor="rebatesAmountLabel"
      id="rebates-amount-left"
    >
      Amount
    </label>
  </div>
</div>
`;
